// Jest Snapshot v1, https://goo.gl/fbAQLP

exports[`Button component renders button unchanged 1`] = `
<div>
  <button
    class="root"
    data-testid="button"
  >
    test
  </button>
</div>
`;
